{
    "autotools:Bitcoin Core": {
        "21.99.0": {
            "dependencies": {},
            "source": "autotools",
            "is_source_package": true
        }
    }
}