{
    "pip:cvedb": {
        "0.0.4": {
            "dependencies": {
                "pip:python-dateutil": "~=2.8.1",
                "pip:cvss": "~=2.2",
                "pip:tqdm": "~=4.48.0"
            },
            "source": "pip",
            "is_source_package": true
        }
    },
    "pip:tqdm": {
        "4.48.0": {
            "dependencies": {},
            "source": "pip"
        }
    },
    "pip:python-dateutil": {
        "2.8.1": {
            "dependencies": {
                "pip:six": ">=1.5"
            },
            "source": "pip"
        }
    },
    "pip:six": {
        "1.5.0": {
            "dependencies": {},
            "source": "pip"
        }
    },
    "pip:cvss": {
        "2.2.0": {
            "dependencies": {},
            "source": "pip"
        }
    }
}